============================= test session starts =============================
platform win32 -- Python 3.13.12, pytest-9.0.2, pluggy-1.6.0
rootdir: C:\Users\felip\OneDrive\Documents\Gazeus\iara-bot-reviewer
configfile: pyproject.toml
plugins: anyio-4.12.1, asyncio-1.3.0, cov-7.0.0
asyncio: mode=Mode.STRICT, debug=False, asyncio_default_fixture_loop_scope=None, asyncio_default_test_loop_scope=function
collected 19 items

tests\test_indexer.py ......F....F.FFFF..                                [100%]

================================== FAILURES ===================================
_________________ TestIndexer.test_index_project_batch_flush __________________

self = <test_indexer.TestIndexer testMethod=test_index_project_batch_flush>

    def test_index_project_batch_flush(self):
        """Test that chunks are flushed in batches of 100."""
        mock_memory = MagicMock()
        indexer = Indexer(mock_memory)
    
        # Make chunker return many chunks per file to trigger batch flush
        indexer.chunker = MagicMock()
        chunks_batch = [CodeChunk(
            id=f"chunk-{i}", content=f"code-{i}", file_path="big.py",
            start_line=i, end_line=i, type="function"
        ) for i in range(50)]
        indexer.chunker.chunk_file.return_value = chunks_batch
    
        with patch('os.walk') as mock_walk, \
             patch('builtins.open', mock_open(read_data="code")), \
             patch('os.path.exists', return_value=True), \
             patch('os.path.isdir', return_value=True), \
             patch('sys.stderr'):
    
            # 3 files x 50 chunks = 150 chunks. Should flush at 100 and then at final.
            mock_walk.return_value = [
                ('root', [], ['a.py', 'b.py', 'c.py'])
            ]
    
            indexer.index_project('root')
    
            # Should have been called at least twice (batch at 100 + final flush)
>           self.assertGreaterEqual(mock_memory.index_chunks.call_count, 2)
E           AssertionError: 0 not greater than or equal to 2

tests\test_indexer.py:384: AssertionError
------------------------------ Captured log call ------------------------------
WARNING  iara.memory.indexer:indexer.py:181 Failed to load file hashes: Expecting value: line 1 column 1 (char 0)
WARNING  iara.memory.indexer:indexer.py:271 Could not read a.py: [WinError 3] The system cannot find the path specified: 'root\\a.py'
WARNING  iara.memory.indexer:indexer.py:271 Could not read b.py: [WinError 3] The system cannot find the path specified: 'root\\b.py'
WARNING  iara.memory.indexer:indexer.py:271 Could not read c.py: [WinError 3] The system cannot find the path specified: 'root\\c.py'
________________ TestIndexer.test_index_project_skips_dotfiles ________________

self = <test_indexer.TestIndexer testMethod=test_index_project_skips_dotfiles>

    def test_index_project_skips_dotfiles(self):
        """Test that files starting with '.' are skipped."""
        mock_memory = MagicMock()
        indexer = Indexer(mock_memory)
    
        with patch('os.walk') as mock_walk, \
             patch('builtins.open', mock_open(read_data="content")) as mock_file, \
             patch('os.path.exists', return_value=True), \
             patch('os.path.isdir', return_value=True), \
             patch('sys.stderr'):
    
            mock_walk.return_value = [
                ('root', [], ['.hidden', 'visible.py'])
            ]
    
            indexer.index_project('root')
    
            # Only visible.py should be opened, not .hidden
            opened_files = [c[1][0] for c in mock_file.mock_calls if c[0] == '' and c[1]]
            opened_files = [os.path.normpath(p) for p in opened_files]
            self.assertFalse(any('.hidden' in p for p in opened_files))
>           self.assertTrue(any('visible.py' in p for p in opened_files))
E           AssertionError: False is not true

tests\test_indexer.py:269: AssertionError
------------------------------ Captured log call ------------------------------
WARNING  iara.memory.indexer:indexer.py:181 Failed to load file hashes: Expecting value: line 1 column 1 (char 0)
WARNING  iara.memory.indexer:indexer.py:271 Could not read visible.py: [WinError 3] The system cannot find the path specified: 'root\\visible.py'
_______________ TestIndexer.test_index_project_unexpected_error _______________

self = <test_indexer.TestIndexer testMethod=test_index_project_unexpected_error>

    def test_index_project_unexpected_error(self):
        """Test that unexpected errors are caught and logged."""
        mock_memory = MagicMock()
        indexer = Indexer(mock_memory)
    
        real_open = open
        def smart_open(file, *args, **kwargs):
            # Allow hash file operations to succeed normally
            if 'file_hashes' in str(file):
                return real_open(os.devnull, *args, **kwargs)
            raise RuntimeError("Something unexpected")
    
        with patch('os.walk') as mock_walk, \
             patch('builtins.open', side_effect=smart_open), \
             patch('os.path.exists', return_value=True), \
             patch('os.path.isdir', return_value=True), \
             patch('os.makedirs'), \
             self.assertLogs('iara.memory.indexer', level='WARNING') as cm:
    
            mock_walk.return_value = [
                ('root', [], ['problem.py'])
            ]
    
            # Should not raise
            indexer.index_project('root')
    
            # Verify log message
>           self.assertTrue(any("Unexpected error processing" in output for output in cm.output))
E           AssertionError: False is not true

tests\test_indexer.py:330: AssertionError
---------------------------- Captured stderr call -----------------------------
\U0001f9e0 Scanning root...\n\u2705 Indexed 0 files (Skipped 0 unchanged).
________________ TestIndexer.test_index_project_unicode_error _________________

self = <test_indexer.TestIndexer testMethod=test_index_project_unicode_error>

    def test_index_project_unicode_error(self):
        """Test that UnicodeDecodeError is handled gracefully (binary files)."""
        mock_memory = MagicMock()
        indexer = Indexer(mock_memory)
    
        real_open = open
        def smart_open(file, *args, **kwargs):
            # Allow hash file operations to succeed normally
            if 'file_hashes' in str(file):
                return real_open(os.devnull, *args, **kwargs)
            raise UnicodeDecodeError("utf-8", b"", 0, 1, "invalid byte")
    
        with patch('os.walk') as mock_walk, \
             patch('builtins.open', side_effect=smart_open), \
             patch('os.path.exists', return_value=True), \
             patch('os.path.isdir', return_value=True), \
             patch('os.makedirs'), \
             self.assertLogs('iara.memory.indexer', level='DEBUG') as cm:
    
            mock_walk.return_value = [
                ('root', [], ['binary.dat'])
            ]
    
            # Should not raise
            indexer.index_project('root')
    
            # Verify log message
>           self.assertTrue(any("Skipping binary/non-UTF-8" in output for output in cm.output))
E           AssertionError: False is not true

tests\test_indexer.py:298: AssertionError
---------------------------- Captured stderr call -----------------------------
\U0001f9e0 Scanning root...\n\u2705 Indexed 0 files (Skipped 0 unchanged).
________________ TestIndexer.test_indexer_handles_read_errors _________________

self = <test_indexer.TestIndexer testMethod=test_indexer_handles_read_errors>

    def test_indexer_handles_read_errors(self):
        """Test that indexer continues despite file read errors."""
        mock_memory = MagicMock()
        indexer = Indexer(mock_memory)
    
        # Simple file mock that supports context manager
        good_file_mock = MagicMock()
        good_file_mock.__enter__.return_value.read.return_value = "good_code"
    
        m_open = MagicMock()
        def open_side_effect(file, *args, **kwargs):
            if "bad.py" in str(file):
                 raise IOError("Permission denied")
            return good_file_mock
    
        m_open.side_effect = open_side_effect
    
        with patch('os.walk') as mock_walk, \
             patch('builtins.open', m_open), \
             patch('sys.stderr'), \
             patch('os.path.exists', return_value=True), \
             patch('os.path.isdir', return_value=True):
    
            mock_walk.return_value = [
                ('root', [], ['bad.py', 'good.py'])
            ]
    
             # Mock chunker to return a chunk for good.py
            indexer.chunker = MagicMock()
            indexer.chunker.chunk_file.return_value = [CodeChunk(
                id="1", content="good", file_path="good.py", start_line=1, end_line=1, type="text"
            )]
    
            indexer.index_project('root')
    
            # Should have indexed good.py
>           self.assertTrue(mock_memory.index_chunks.called)
E           AssertionError: False is not true

tests\test_indexer.py:225: AssertionError
------------------------------ Captured log call ------------------------------
WARNING  iara.memory.indexer:indexer.py:181 Failed to load file hashes: Expecting value: line 1 column 1 (char 0)
WARNING  iara.memory.indexer:indexer.py:271 Could not read bad.py: [WinError 3] The system cannot find the path specified: 'root\\bad.py'
WARNING  iara.memory.indexer:indexer.py:271 Could not read good.py: [WinError 3] The system cannot find the path specified: 'root\\good.py'
___________________ TestIndexer.test_indexer_ignores_files ____________________

self = <test_indexer.TestIndexer testMethod=test_indexer_ignores_files>

    def test_indexer_ignores_files(self):
        """Test that indexer correctly ignores specified patterns and extensions."""
        # Using mocks to test ignore logic specifically without creating files
        mock_memory = MagicMock()
        indexer = Indexer(mock_memory)
    
        with patch('os.walk') as mock_walk, \
             patch('builtins.open', mock_open(read_data="print('hello')")) as mock_file, \
             patch('os.path.exists', return_value=True), \
             patch('os.path.isdir', return_value=True):
    
            mock_walk.return_value = [
                ('root', ['.git', 'src'], ['ignored.pyc', 'valid.py']),
                ('root/.git', [], ['HEAD']),
                ('root/src', [], ['utils.py'])
            ]
    
            indexer.index_project('root')
    
            # Check opened files
            # Note: valid.py and utils.py should be opened
            # ignored.pyc and .git/HEAD should NOT
    
            opened_files = []
            for c in mock_file.mock_calls:
                if c[0] == '': # call(path, ...)
                    args = c[1]
                    if args:
                        opened_files.append(args[0])
    
            # Normalize for comparison
            opened_files = [os.path.normpath(p) for p in opened_files]
    
>           self.assertTrue(any('valid.py' in p for p in opened_files))
E           AssertionError: False is not true

tests\test_indexer.py:185: AssertionError
---------------------------- Captured stderr call -----------------------------
\U0001f9e0 Scanning root...\n\u2705 Indexed 0 files (Skipped 0 unchanged).
------------------------------ Captured log call ------------------------------
WARNING  iara.memory.indexer:indexer.py:181 Failed to load file hashes: Expecting value: line 1 column 1 (char 0)
WARNING  iara.memory.indexer:indexer.py:271 Could not read valid.py: [WinError 3] The system cannot find the path specified: 'root\\valid.py'
WARNING  iara.memory.indexer:indexer.py:271 Could not read .git\HEAD: [WinError 3] The system cannot find the path specified: 'root/.git\\HEAD'
WARNING  iara.memory.indexer:indexer.py:271 Could not read src\utils.py: [WinError 3] The system cannot find the path specified: 'root/src\\utils.py'
=========================== short test summary info ===========================
FAILED tests/test_indexer.py::TestIndexer::test_index_project_batch_flush - A...
FAILED tests/test_indexer.py::TestIndexer::test_index_project_skips_dotfiles
FAILED tests/test_indexer.py::TestIndexer::test_index_project_unexpected_error
FAILED tests/test_indexer.py::TestIndexer::test_index_project_unicode_error
FAILED tests/test_indexer.py::TestIndexer::test_indexer_handles_read_errors
FAILED tests/test_indexer.py::TestIndexer::test_indexer_ignores_files - Asser...
======================== 6 failed, 13 passed in 0.25s =========================
